<!DOCTYPE HTML PUBLIC "-//IETF//DTD HTML//EN"> 
     <HTML> 
     <HEAD> 
     <TITLE>Axp-List Archive</TITLE> 
     <LINK REV="made" HREF="mailto:mailto-address"> 
     <HEAD> 
     <BODY BGCOLOR="#DC9D33" TEXT="#000000" LINK="#DD0000" ALINK="#CC0000" VLINK="#CC0000">
		<CENTER>  <!--#exec cgi="/cgi-bin/banmat1.cgi"--></CENTER>

     <H1 ALIGN=CENTER>Axp-List Archive<BR> Re: Linux-2.4.0-test2</H1> 
	
<!-- received="Sun Jun 25 18:09:00 2000" -->
<!-- isoreceived="20000626010900" -->
<!-- sent="Sun, 25 Jun 2000 09:24:31 -0800" -->
<!-- isosent="20000625172431" -->
<!-- name="werner@darkwing.uoregon.edu" -->
<!-- email="werner@darkwing.uoregon.edu" -->
<!-- subject="Re: Linux-2.4.0-test2" -->
<!-- id="3956404E.43DB4D02@darkwing.uoregon.edu" -->
<!-- inreplyto="20000625153522.A27882@jurassic.park.msu.ru" -->
<STRONG>Subject: </STRONG>Re: Linux-2.4.0-test2<BR>
<EM>werner@darkwing.uoregon.edu</EM><BR>
<STRONG>Date: </STRONG>Sun Jun 25 10:24:31 2000
<P>
<UL>
<LI><STRONG>Messages sorted by:</STRONG> 
<A HREF="date.shtml#308">[ date ]</A>
<A HREF="index.shtml#308">[ thread ]</A>
<A HREF="subject.shtml#308">[ subject ]</A>
<A HREF="author.shtml#308">[ author ]</A>
<!-- next="start" -->
<LI><STRONG>Next message:</STRONG> <A HREF="0309.shtml">werner@darkwing.uoregon.edu: "Re: Linux-2.4.0-test2"</A>
<LI><STRONG>Previous message:</STRONG> <A HREF="0307.shtml">Richard Henderson: "Re: Linux-2.4.0-test2"</A>
<LI><STRONG>In reply to:</STRONG> <A HREF="0305.shtml">Ivan Kokshaysky: "Re: Linux-2.4.0-test2"</A>
<!-- nextthread="start" -->
<LI><STRONG>Next in thread:</STRONG> <A HREF="0311.shtml">Thorsten Kranzkowski: "Re: Linux-2.4.0-test2"</A>
<LI><STRONG>Reply:</STRONG> <A HREF="0305.shtml">werner@darkwing.uoregon.edu: "Re: Linux-2.4.0-test2"</A>
<!-- reply="end" -->
</UL>
<HR>
<!-- body="start" -->
<P>
Ivan Kokshaysky wrote:
<BR>
<P><EM>&gt; On Sat, Jun 24, 2000 at 02:56:18PM -0700, Richard Henderson wrote:
</EM><BR>
<EM>&gt; &gt; &quot;Fixed&quot; thus.  Upgrade to aboot 0.7 for srm.  I don't know if
</EM><BR>
<EM>&gt; &gt; any version of MILO honors the load address properly.
</EM><BR>
<EM>&gt; &gt;
</EM><BR>
<EM>&gt; Milo-2.2 does. Though it puts command line in the wrong place
</EM><BR>
<EM>&gt; and passes incorrect memory map. I've almost finished a fix.
</EM><BR>
<EM>&gt;
</EM><BR>
<EM>&gt; But there is another problem using the new start address - currently
</EM><BR>
<EM>&gt; it's just a waste of 5Mb of RAM on anything except Wildfire.
</EM><BR>
<EM>&gt; Is it possible to utilize a memory not used by console?
</EM><BR>
<EM>&gt;
</EM><BR>
<EM>&gt; Ivan.
</EM><BR>
<EM>&gt;
</EM><BR>
<EM>&gt; --
</EM><BR>
<EM>&gt; To unsubscribe: send e-mail to axp-list-request@redhat.com with
</EM><BR>
<EM>&gt; 'unsubscribe' as the subject.  Do not send it to axp-list@redhat.com
</EM><BR>
<P>aboot-0.6 with 2.2.17pre5
<BR>
---------------------
<BR>
Jun 24 17:37:09 d23-155 kernel: Linux version 2.2.17pre5  (gcc version
<BR>
2.96 20000621 (experimental)) #3 Wed Jun 21 21:07:11 PDT 2000
<BR>
Jun 24 17:37:09 d23-155 kernel: Booting on Tsunami variation Webbrick
<BR>
using machine vector Webbrick from SRM
<BR>
Jun 24 17:37:09 d23-155 kernel: HWRPB cycle frequency (462962962) seems
<BR>
inaccurate - using the measured value of 462384180 Hz
<BR>
Jun 24 17:37:09 d23-155 kernel: Console: colour VGA+ 80x25
<BR>
Jun 24 17:37:09 d23-155 kernel: Calibrating delay loop... 920.65
<BR>
BogoMIPS
<BR>
Jun 24 17:37:09 d23-155 kernel: Memory: 255072k available
<BR>
Jun 24 17:37:09 d23-155 kernel: Dentry hash table entries: 32768 (order
<BR>
6, 512k)
<BR>
Jun 24 17:37:09 d23-155 kernel: Buffer cache hash table entries: 262144
<BR>
(order 8, 2048k)
<BR>
Jun 24 17:37:09 d23-155 kernel: Page cache hash table entries: 32768
<BR>
(order 5, 256k)
<BR>
Jun 24 17:37:09 d23-155 kernel: POSIX conformance testing by UNIFIX
<BR>
Jun 24 17:37:09 d23-155 kernel: Alpha PCI BIOS32 revision 0.04
<BR>
Jun 24 17:37:09 d23-155 kernel: PCI: Probing PCI hardware
<BR>
Jun 24 17:37:09 d23-155 kernel: Linux NET4.0 for Linux 2.2
<BR>
Jun 24 17:37:09 d23-155 kernel: Based upon Swansea University Computer
<BR>
Society NET3.039
<BR>
Jun 24 17:37:09 d23-155 kernel: NET4: Unix domain sockets 1.0 for Linux
<BR>
NET4.0. Jun 24 17:37:09 d23-155 kernel: NET4: Linux TCP/IP 1.0 for
<BR>
NET4.0
<BR>
Jun 24 17:37:09 d23-155 kernel: IP Protocols: ICMP, UDP, TCP, IL
<BR>
Jun 24 17:37:09 d23-155 kernel: TCP: Hash tables configured (ehash
<BR>
262144 bhash 65536)
<BR>
<P>aboot-0.7 with 2.4.0-test2
<BR>
---------------------
<BR>
Jun 24 18:18:56 d23-155 kernel: Linux version 2.4.0-test2 (gcc version
<BR>
2.96 20000623 (experimental)) #2 Sat Jun 24 18:14:50 PDT 2000
<BR>
Jun 24 18:18:56 d23-155 kernel: Booting on Tsunami variation Webbrick
<BR>
using machine vector Webbrick from SRM
<BR>
Jun 24 18:18:56 d23-155 kernel: Command line: root=/dev/hdb3
<BR>
Jun 24 18:18:56 d23-155 kernel: memcluster 0, usage 1, start        0,
<BR>
end      256
<BR>
Jun 24 18:18:56 d23-155 kernel: memcluster 1, usage 0, start      256,
<BR>
end    32675
<BR>
Jun 24 18:18:56 d23-155 kernel: memcluster 2, usage 1, start    32675,
<BR>
end    32768
<BR>
Jun 24 18:18:56 d23-155 kernel: freeing pages 1296:32675
<BR>
Jun 24 18:18:56 d23-155 kernel: On node 0 totalpages: 32768
<BR>
Jun 24 18:18:56 d23-155 kernel: zone(0): 32768 pages.
<BR>
Jun 24 18:18:56 d23-155 kernel: zone(1): 0 pages.
<BR>
Jun 24 18:18:56 d23-155 atd: atd startup succeeded
<BR>
Jun 24 18:18:56 d23-155 kernel: zone(2): 0 pages.
<BR>
Jun 24 18:18:56 d23-155 kernel: Kernel command line: root=/dev/hdb3
<BR>
Jun 24 18:18:56 d23-155 kernel: Console: colour VGA+ 80x25
<BR>
Jun 24 18:18:56 d23-155 kernel: Calibrating delay loop... 920.65
<BR>
BogoMIPS
<BR>
Jun 24 18:18:56 d23-155 kernel: Memory: 246248k/261400k available (1260k
<BR>
kernel code, 13104k reserved, 322k data, 224k init)
<BR>
Jun 24 18:18:56 d23-155 kernel: Dentry-cache hash table entries: 32768
<BR>
(order: 6, 524288 bytes)
<BR>
Jun 24 18:18:56 d23-155 kernel: Buffer-cache hash table entries: 8192
<BR>
(order: 3, 65536 bytes)
<BR>
Jun 24 18:18:56 d23-155 kernel: Page-cache hash table entries: 32768
<BR>
(order: 5, 262144 bytes)
<BR>
Jun 24 18:18:56 d23-155 kernel: kmem_create: Poisoning requested, but
<BR>
con given - bdev_cache
<BR>
Jun 24 18:18:56 d23-155 kernel: Inode-cache hash table entries: 16384
<BR>
(order: 5, 262144 bytes)
<BR>
Jun 24 18:18:56 d23-155 kernel: kmem_create: Poisoning requested, but
<BR>
con given - inode_cache
<BR>
Jun 24 18:18:56 d23-155 kernel: Inode-cache hash table entries: 16384
<BR>
(order: 5, 262144 bytes)
<BR>
Jun 24 18:18:56 d23-155 kernel: kmem_create: Poisoning requested, but
<BR>
con given - inode_cache
<BR>
<P><P>The difference is quite significant 255072k versus 246248k. I'm glad I
<BR>
bought two
<BR>
extra  DIMMS recently.
<BR>
<P><PRE>
-- 
To unsubscribe: send e-mail to axp-list-request@redhat.com with
'unsubscribe' as the subject.  Do not send it to axp-list@redhat.com
</PRE>
<P><!-- body="end" -->
<HR>
<P>
<UL>
<!-- next="start" -->
<LI><STRONG>Next message:</STRONG> <A HREF="0309.shtml">werner@darkwing.uoregon.edu: "Re: Linux-2.4.0-test2"</A>
<LI><STRONG>Previous message:</STRONG> <A HREF="0307.shtml">Richard Henderson: "Re: Linux-2.4.0-test2"</A>
<LI><STRONG>In reply to:</STRONG> <A HREF="0305.shtml">Ivan Kokshaysky: "Re: Linux-2.4.0-test2"</A>
<!-- nextthread="start" -->
<LI><STRONG>Next in thread:</STRONG> <A HREF="0311.shtml">Thorsten Kranzkowski: "Re: Linux-2.4.0-test2"</A>
<LI><STRONG>Reply:</STRONG> <A HREF="0305.shtml">werner@darkwing.uoregon.edu: "Re: Linux-2.4.0-test2"</A>
<!-- reply="end" -->
</UL>
<!-- trailer="footer" -->
<HR> 
     <P> 
     <SMALL> 
     <EM> 
     This archive was generated by  <A HREF="http://www.landfield.com/hypermail">hypermail version 2a22 </A> on Sat Jul  1 05:31:31 2000 PDT <BR>
	Send any problems or questions about this archive to <A HREF="mailto:webmaster@alphalinux.org">webmaster@alphalinux.org</A>. 
     </EM> 
     </SMALL> 
     </BODY> 
     </HTML> 
